[20:26:16.151] [32mINFO[39m (26852): [36mrequest completed[39m [90m{"req":{"id":1,"method":"POST","url":"/jobs","query":{},"params":{"path":["jobs"]},"headers":{"host":"127.0.0.1:59396","accept-encoding":"gzip, deflate","content-type":"application/json","content-length":"77","connection":"close"},"remoteAddress":"::ffff:127.0.0.1","remotePort":59397},"res":{"statusCode":201,"headers":{"x-powered-by":"Express","x-ratelimit-limit":"1000","x-ratelimit-remaining":"999","x-ratelimit-reset":"60","content-type":"application/json; charset=utf-8","content-length":"48","etag":"W/\"30-mkDXHf1Q15gIto0vySzZIX0x2AY\""}},"responseTime":17}[39m
  console.log
    Waiting for job execution...

      at Object.<anonymous> (jobs.e2e-spec.ts:63:13)

  console.warn
    Job executed but RUNNING state was missed in polling.

    [0m [90m  97 |[39m
     [90m  98 |[39m     [36mif[39m (jobExecuted [33m&&[39m [33m![39mcaughtRunning) {
    [31m[1m>[22m[39m[90m  99 |[39m       console[33m.[39mwarn([32m'Job executed but RUNNING state was missed in polling.'[39m)[33m;[39m
     [90m     |[39m               [31m[1m^[22m[39m
     [90m 100 |[39m       [90m// Consider passing if it executed, or enforcing RUNNING check?[39m
     [90m 101 |[39m       [90m// Given 5s delay, we should catch it.[39m
     [90m 102 |[39m     }[0m

      at Object.<anonymous> (jobs.e2e-spec.ts:99:15)

